../Core/Src/main.c:82:5:main	8	static
../Core/Src/main.c:151:6:SystemClock_Config	72	static
../Core/Src/main.c:189:13:MX_IWDG_Init	8	static
../Core/Src/main.c:217:13:MX_TIM2_Init	32	static
../Core/Src/main.c:262:13:MX_USART1_UART_Init	8	static
../Core/Src/main.c:295:13:MX_GPIO_Init	32	static
../Core/Src/main.c:318:6:HAL_TIM_PeriodElapsedCallback	16	static
../Core/Src/main.c:323:6:Blinking_LED0	8	static
../Core/Src/main.c:326:6:Blinking_LED1	8	static
../Core/Src/main.c:329:6:Blinking_LED2	8	static
../Core/Src/main.c:332:6:Blinking_LED3	8	static
../Core/Src/main.c:335:6:Blinking_LED4	8	static
../Core/Src/main.c:338:6:UART_Report_Status	24	static
../Core/Src/main.c:355:6:UART_Report_Timestamp	8	static
../Core/Src/main.c:367:6:Error_Handler	4	static,ignoring_inline_asm
