../Core/Src/main.c:88:5:main	8	static
../Core/Src/main.c:160:6:SystemClock_Config	72	static
../Core/Src/main.c:198:13:MX_IWDG_Init	8	static
../Core/Src/main.c:226:13:MX_TIM2_Init	32	static
../Core/Src/main.c:271:13:MX_USART1_UART_Init	8	static
../Core/Src/main.c:304:13:MX_GPIO_Init	32	static
../Core/Src/main.c:333:6:HAL_TIM_PeriodElapsedCallback	16	static
../Core/Src/main.c:338:6:Blinking_LED0	8	static
../Core/Src/main.c:341:6:Blinking_LED1	8	static
../Core/Src/main.c:344:6:Blinking_LED2	8	static
../Core/Src/main.c:347:6:Blinking_LED3	8	static
../Core/Src/main.c:350:6:Blinking_LED4	8	static
../Core/Src/main.c:353:6:ReadingAndProcessingInput	8	static
../Core/Src/main.c:358:6:deleteTaskBlinkingLED4	8	static
../Core/Src/main.c:361:6:UART_Report_Status	24	static
../Core/Src/main.c:378:6:UART_Report_Timestamp	8	static
../Core/Src/main.c:390:6:Error_Handler	4	static,ignoring_inline_asm
