../Core/Src/scheduler.c:40:6:SCH_Init	4	static
../Core/Src/scheduler.c:48:6:SCH_Update	16	static
../Core/Src/scheduler.c:72:8:Create_Task	32	static
../Core/Src/scheduler.c:99:8:Enqueue_Task	32	static
../Core/Src/scheduler.c:138:8:SCH_Add_Task	32	static
../Core/Src/scheduler.c:146:9:SCH_Dispatch_Tasks	16	static
../Core/Src/scheduler.c:169:9:Delete_Task	24	static
../Core/Src/scheduler.c:200:9:SCH_Delete_Task	16	static
../Core/Src/scheduler.c:204:6:SCH_Sleep	8	static
../Core/Src/scheduler.c:213:9:SCH_Report_Status	16	static
